61 None '' 24
62 None '' 22
63 None '' 35
64 None '' 38
65 None '' 31
66 None '' 35
67 None '' 37
68 640 '640' 34
69 None '' 40
70 None '' 42
71 None '' 33
72 None '' 37
73 56 '5 6' 36
74 None '' 43
75 None '' 39
76 None '' 39
77 5 '— 5 —' 33
78 4 '— 4 —' 39
79 4 '4' 40
80 None '' 36
81 None '' 36
82 None '' 39
83 None '' 36
84 None '' 36
85 None '' 24
86 None '' 36
87 None '' 31
88 None '' 40
89 None '' 37
90 None '' 37
91 None '' 39
92 None '' 36
93 8 '0 8' 29
94 None '' 35
95 6 '6' 32
96 None '' 38
97 None '' 24
98 88 '0 88' 32
99 None '' 35
100 None '' 36
101 None '' 36
102 None '' 22
103 99 '99' 39
104 None '' 34
105 None '' 39
106 102 '— 102 —' 23
107 103 '— 103 —' 35
108 None '' 38
109 None '' 40
110 None '' 26
111 107 '— 107 —' 38
112 108 '— 108 —' 36
113 None '' 38
114 None '' 38
115 None '' 32
116 112 '— 112 —' 39
117 None '' 40
118 114 '— 114 —' 29
119 None '' 3
120 None '' 0
