1 None '' 1
2 None '' 1
3 None '' 11
4 None '' 9
5 None '' 5
6 None '' 0
7 None '' 10
8 None '' 13
9 None '' 31
10 6 '— 6—' 36
11 None '' 32
12 None '' 31
13 None '' 2
14 None '' 0
15 None '' 17
16 None '' 35
17 None '' 34
18 None '' 22
19 None '' 24
20 None '' 43
21 None '' 35
22 None '' 28
23 None '' 40
24 None '' 37
25 None '' 29
26 None '' 33
27 None '' 34
28 None '' 38
29 None '' 36
30 None '' 39
31 7 '7' 33
32 None '' 36
33 None '' 28
34 None '' 29
35 81 '8 1' 17
36 None '' 29
37 None '' 30
38 34 '0 34' 31
39 None '' 31
40 None '' 35
41 None '' 34
42 None '' 36
43 30 '30' 27
44 None '' 28
45 None '' 26
46 None '' 37
47 None '' 18
48 None '' 36
49 None '' 36
50 None '' 35
51 None '' 29
52 None '' 28
53 None '' 29
54 None '' 38
55 None '' 32
56 None '' 24
57 None '' 37
58 None '' 37
59 None '' 35
60 None '' 34
