181 None '' 1
182 None '' 0
183 None '' 32
184 None '' 41
185 None '' 38
186 None '' 40
187 None '' 37
188 None '' 38
189 185 '— 185 —' 38
190 186 '— 186 —' 38
191 87 '87' 30
192 138 '— 1388 —' 26
193 189 '— 189 —' 32
194 None '' 36
195 191 '— 191 —' 38
196 None '' 41
197 None '' 40
198 None '' 36
199 None '' 35
200 None '' 30
201 197 '— 197 —' 37
202 198 '— 198 —' 40
203 199 '— 199 —' 37
204 200 '— 200 —' 40
205 201 '— 201 —' 39
206 None '' 39
207 203 '- 203' 15
208 None '' 37
209 None '' 35
210 None '' 32
211 None '' 36
212 None '' 40
213 None '' 33
214 None '' 39
215 None '' 37
216 None '' 33
217 None '' 36
218 214 '— 214 —' 37
219 None '' 35
220 None '' 40
221 21 '— 21 —' 30
222 213 '— 2138 —' 39
223 None '' 22
224 None '' 35
225 None '' 39
226 222 '— 222 —' 35
227 203 '— 203 —' 30
228 None '' 8
229 None '' 31
230 None '' 40
231 None '' 39
232 None '' 40
233 None '' 35
234 230 '— 230 —' 40
235 None '' 39
236 None '' 31
237 None '' 25
238 None '' 31
239 None '' 1
240 None '' 1
