121 None '' 28
122 118 '— 118 —' 21
123 119 '— 119 —' 30
124 None '' 23
125 None '' 35
126 122 '— 122 —' 31
127 None '' 37
128 124 '— 124 —' 29
129 None '' 19
130 None '' 38
131 None '' 37
132 None '' 39
133 129 '— 129 —' 30
134 130 '— 130 — -' 19
135 None '' 20
136 None '' 36
137 None '' 34
138 None '' 35
139 None '' 41
140 16 '16' 39
141 None '' 37
142 None '' 39
143 None '' 33
144 None '' 35
145 None '' 25
146 None '' 27
147 None '' 32
148 None '' 39
149 None '' 32
150 None '' 25
151 None '' 37
152 None '' 37
153 None '' 39
154 150 '— 150 —' 37
155 None '' 25
156 None '' 38
157 None '' 38
158 154 '—- 154 —' 36
159 5 '5  —-' 34
160 None '' 40
161 None '' 39
162 None '' 40
163 None '' 28
164 None '' 41
165 None '' 33
166 None '' 31
167 None '' 42
168 None '' 35
169 165 '— 165 —' 40
170 None '' 41
171 None '' 38
172 None '' 37
173 169 '— 169 —' 35
174 None '' 32
175 None '' 24
176 172 '— 172 —' 36
177 3 '— 3 —' 35
178 174 '— 174 —' 24
179 175 '— 175 —' 35
180 None '' 5
