121 32 91.72 39.0
122 34 91.86 40.5
123 43 91.86 33.0
124 40 92.14 40.0
125 33 91.95 41.5
126 31 91.69 43.0
127 43 91.69 39.0
128 40 91.78 41.0
129 41 91.78 40.0
130 41 91.78 40.0
131 38 91.67 42.0
132 39 91.99 41.0
133 37 91.69 41.0
134 37 92.03 38.0
135 33 91.52 43.0
136 35 91.82 41.0
137 37 91.69 41.0
138 40 91.78 41.0
139 38 91.74 39.5
140 38 91.69 41.0
141 40 91.44 40.0
142 43 91.82 34.0
143 44 91.27 33.0
144 43 91.69 35.0
145 39 91.52 40.0
146 41 91.69 39.0
147 37 91.27 41.0
148 40 91.74 41.0
149 44 91.72 34.0
150 41 91.69 38.0
151 39 91.19 41.0
152 43 91.95 36.0
153 38 91.5 41.0
154 43 91.69 35.0
155 41 91.52 41.0
156 40 91.69 40.0
157 39 91.52 41.0
158 42 92.27 33.0
159 42 91.78 39.0
160 39 91.69 40.0
