41 40 91.52 33.5
42 39 91.69 34.0
43 36 91.69 41.0
44 35 91.65 41.0
45 41 91.61 37.0
46 39 91.99 41.0
47 41 91.52 39.0
48 38 91.61 40.0
49 38 91.69 41.5
50 40 91.72 38.0
51 42 91.86 33.0
52 40 91.95 38.5
53 43 91.78 33.0
54 40 91.61 41.0
55 39 91.61 41.0
56 40 91.61 41.0
57 41 91.61 34.0
58 39 91.61 41.0
59 37 91.69 42.0
60 32 91.65 41.0
61 40 91.69 38.0
62 41 92.03 34.0
63 41 91.78 35.0
64 40 91.61 34.0
65 43 91.61 37.0
66 39 91.69 40.0
67 37 91.69 41.0
68 39 92.54 39.5
69 42 91.78 35.0
70 40 91.78 40.0
71 39 91.86 35.0
72 35 91.69 41.0
73 44 91.86 34.0
74 40 91.86 34.5
75 37 91.86 42.0
76 39 91.78 41.0
77 40 91.78 39.5
78 39 91.95 41.0
79 39 92.08 41.0
80 36 91.78 41.0
