1 24 114.05 41.0
2 2 96.08 None
3 6 93.96 59.0
4 45 91.52 33.0
5 2 81.92 None
6 2 107.78 None
7 7 65.62 45.0
8 14 91.61 57.0
9 34 91.86 41.0
10 42 91.84 41.0
11 39 91.78 41.0
12 31 91.86 42.0
13 2 56.18 None
14 1 91.52 None
15 32 91.61 40.0
16 34 92.1 41.5
17 41 92.37 40.0
18 38 91.78 41.0
19 35 91.4 41.0
20 42 91.59 38.0
21 41 91.61 40.0
22 41 92.12 33.5
23 38 91.78 42.0
24 37 92.03 42.0
25 36 91.88 36.0
26 38 91.67 41.0
27 37 91.69 41.0
28 39 91.78 41.0
29 37 91.69 42.0
30 39 91.78 41.0
31 37 91.61 41.0
32 37 91.95 41.0
33 47 91.86 33.0
34 35 91.91 43.0
35 37 91.69 34.0
36 41 91.78 33.0
37 39 92.41 38.5
38 38 91.44 41.0
39 41 91.61 38.0
40 36 91.8 40.5
