81 38 91.61 42.0
82 40 91.69 40.0
83 38 91.86 41.0
84 37 91.61 42.0
85 35 91.52 42.0
86 35 91.48 42.0
87 38 91.69 39.0
88 41 91.69 41.0
89 39 91.52 41.0
90 35 91.65 41.0
91 37 91.95 41.0
92 35 91.86 41.0
93 42 91.69 33.0
94 41 91.78 34.5
95 37 91.61 42.0
96 37 91.69 42.0
97 41 91.61 33.0
98 40 91.95 38.5
99 39 91.78 41.0
100 41 91.86 38.5
101 38 92.69 41.0
102 36 92.03 41.0
103 39 91.69 41.0
104 33 91.78 41.0
105 39 91.57 41.0
106 40 92.12 41.0
107 39 91.52 41.0
108 42 92.54 40.0
109 39 92.03 41.0
110 36 91.88 40.5
111 39 91.52 42.0
112 40 91.88 38.0
113 38 91.78 41.0
114 39 91.99 42.0
115 39 91.82 41.0
116 37 91.95 43.0
117 38 91.74 42.0
118 28 91.69 42.0
119 3 46.36 None
120 1 112.44 None
