201 38 91.36 41.0
202 40 91.69 41.0
203 39 91.36 41.0
204 39 91.82 41.0
205 38 91.44 42.0
206 37 91.69 42.0
207 40 91.44 40.5
208 45 91.36 34.0
209 33 91.52 41.0
210 32 91.61 41.0
211 38 91.27 41.0
212 39 91.52 42.0
213 41 91.86 40.0
214 37 91.61 41.0
215 39 91.44 41.0
216 36 91.52 41.0
217 40 91.61 42.0
218 44 91.61 40.0
219 34 91.5 42.0
220 40 92.05 42.0
221 38 91.61 36.5
222 40 91.72 41.0
223 41 91.52 42.0
224 32 91.55 42.0
225 40 91.44 42.0
226 34 91.76 42.0
227 30 91.52 44.0
228 6 91.57 46.5
229 28 82.99 41.0
230 27 80.73 40.5
231 28 82.42 45.0
232 36 80.71 41.0
233 33 92.12 41.0
234 28 89.26 41.0
235 31 91.99 41.0
236 29 92.29 41.0
237 46 91.61 34.0
238 43 91.65 40.0
239 2 63.69 None
240 2 34.01 44.0
