161 38 91.25 41.0
162 39 91.19 41.0
163 42 91.27 33.0
164 39 91.57 41.0
165 44 91.44 34.0
166 44 91.86 33.0
167 42 91.69 38.5
168 42 91.69 33.0
169 38 91.52 42.0
170 39 91.69 41.0
171 40 91.1 41.0
172 39 91.65 40.0
173 36 91.02 34.0
174 39 91.74 40.0
175 44 91.12 34.0
176 35 91.61 41.0
177 37 91.19 39.0
178 38 91.5 41.0
179 38 91.25 40.5
180 4 90.61 40.0
181 1 28.7 None
182 5 15.16 54.0
183 31 91.27 42.0
184 40 91.61 42.0
185 38 91.19 42.0
186 40 91.44 41.0
187 36 91.38 41.0
188 39 91.69 41.0
189 42 91.67 33.0
190 37 91.61 41.0
191 41 91.27 40.0
192 39 91.86 40.0
193 38 91.44 41.0
194 45 91.61 33.0
195 42 91.65 33.5
196 40 91.69 41.0
197 40 91.46 41.0
198 36 91.38 42.0
199 35 91.4 39.0
200 39 92.46 41.0
