181 -0.49999999999999867
182 -0.09999999999999831
183 -0.09999999999999831
184 0.5000000000000022
185 -0.49999999999999867
186 0.40000000000000213
187 -0.7999999999999989
188 -0.09999999999999831
189 -1.0999999999999992
190 0.7000000000000024
191 -0.09999999999999831
192 -0.09999999999999831
193 -0.09999999999999831
194 -0.09999999999999831
195 0.5000000000000022
196 -0.3999999999999986
197 -0.09999999999999831
198 -0.7999999999999989
199 -0.9999999999999991
200 -0.09999999999999831
201 -0.3999999999999986
202 -0.7999999999999989
203 -0.5999999999999988
204 -0.09999999999999831
205 -0.09999999999999831
206 -0.1999999999999984
207 -0.1999999999999984
208 -0.09999999999999831
209 -0.9999999999999991
210 -0.3999999999999986
211 -0.7999999999999989
212 -0.3999999999999986
213 -1.3999999999999995
214 -0.09999999999999831
215 -0.5999999999999988
216 -0.09999999999999831
217 -0.899999999999999
218 -0.09999999999999831
219 -0.7999999999999989
220 -0.09999999999999831
221 -0.3999999999999986
222 -0.7999999999999989
223 -1.1999999999999993
224 -0.49999999999999867
225 -0.3999999999999986
226 -0.3999999999999986
227 -0.09999999999999831
228 -0.3999999999999986
229 -0.09999999999999831
230 -0.7999999999999989
231 -0.3999999999999986
232 -0.5999999999999988
233 -0.6999999999999988
234 -0.49999999999999867
235 -0.49999999999999867
236 -0.899999999999999
237 -1.0999999999999992
238 -1.0999999999999992
239 -0.899999999999999
240 0.30000000000000204
