121 -0.7999999999999989
122 -0.09999999999999831
123 -0.49999999999999867
124 -0.09999999999999831
125 -0.5999999999999988
126 0.8000000000000025
127 -0.2999999999999985
128 -0.09999999999999831
129 -0.09999999999999831
130 -0.2999999999999985
131 0.30000000000000204
132 -0.09999999999999831
133 -0.09999999999999831
134 -0.09999999999999831
135 0.20000000000000195
136 -0.09999999999999831
137 -0.09999999999999831
138 -0.09999999999999831
139 0.40000000000000213
140 -0.49999999999999867
141 -0.09999999999999831
142 -0.09999999999999831
143 0.20000000000000195
144 -0.09999999999999831
145 -0.09999999999999831
146 -0.09999999999999831
147 -0.09999999999999831
148 -0.09999999999999831
149 -0.49999999999999867
150 -0.09999999999999831
151 -0.2999999999999985
152 0.5000000000000022
153 -0.09999999999999831
154 0.30000000000000204
155 -0.09999999999999831
156 0.30000000000000204
157 -0.3999999999999986
158 -0.6999999999999988
159 -0.49999999999999867
160 -0.09999999999999831
161 0.40000000000000213
162 -0.49999999999999867
163 -0.09999999999999831
164 -0.899999999999999
165 -0.3999999999999986
166 -0.49999999999999867
167 -0.49999999999999867
168 -0.3999999999999986
169 -0.3999999999999986
170 -0.6999999999999988
171 -0.09999999999999831
172 -0.7999999999999989
173 -0.49999999999999867
174 -0.09999999999999831
175 -0.1999999999999984
176 -0.09999999999999831
177 -0.09999999999999831
178 -0.09999999999999831
179 -0.7999999999999989
180 0.5000000000000022
