1 -0.09999999999999831
2 -0.09999999999999831
3 -1.5999999999999996
4 -0.3999999999999986
5 -0.09999999999999831
6 0.40000000000000213
7 -0.09999999999999831
8 0.30000000000000204
9 0.40000000000000213
10 -0.5999999999999988
11 0.8000000000000025
12 -0.6999999999999988
13 0.5000000000000022
14 0.30000000000000204
15 -0.09999999999999831
16 -0.09999999999999831
17 -0.09999999999999831
18 -0.09999999999999831
19 -0.09999999999999831
20 0.8000000000000025
21 -0.09999999999999831
22 -0.2999999999999985
23 -0.49999999999999867
24 0.5000000000000022
25 -0.09999999999999831
26 0.5000000000000022
27 -0.09999999999999831
28 0.5000000000000022
29 -0.2999999999999985
30 0.40000000000000213
31 -0.6999999999999988
32 0.6000000000000023
33 0.40000000000000213
34 -0.09999999999999831
35 -0.09999999999999831
36 -0.09999999999999831
37 -0.49999999999999867
38 -0.09999999999999831
39 -0.09999999999999831
40 -0.09999999999999831
41 -0.09999999999999831
42 -0.09999999999999831
43 -0.09999999999999831
44 -0.09999999999999831
45 -0.09999999999999831
46 -0.49999999999999867
47 -0.09999999999999831
48 -0.49999999999999867
49 -0.49999999999999867
50 -0.09999999999999831
51 -0.6999999999999988
52 -0.09999999999999831
53 -0.6999999999999988
54 -0.2999999999999985
55 -0.9999999999999991
56 -0.09999999999999831
57 -0.9999999999999991
58 -0.2999999999999985
59 -1.3999999999999995
60 0.6000000000000023
