61 -0.3999999999999986
62 0.5000000000000022
63 -0.9999999999999991
64 0.5000000000000022
65 -0.2999999999999985
66 0.7000000000000024
67 -0.09999999999999831
68 -0.09999999999999831
69 -0.2999999999999985
70 -0.09999999999999831
71 -0.5999999999999988
72 0.40000000000000213
73 -0.09999999999999831
74 0.5000000000000022
75 0.6000000000000023
76 0.6000000000000023
77 0.5000000000000022
78 0.30000000000000204
79 -0.09999999999999831
80 0.40000000000000213
81 -0.09999999999999831
82 0.8000000000000025
83 -0.2999999999999985
84 1.2000000000000028
85 -0.09999999999999831
86 0.7000000000000024
87 -0.09999999999999831
88 1.1000000000000028
89 0.5000000000000022
90 0.40000000000000213
91 -0.5999999999999988
92 -0.09999999999999831
93 -0.09999999999999831
94 1.2000000000000028
95 0.20000000000000195
96 0.30000000000000204
97 -0.09999999999999831
98 -0.09999999999999831
99 -0.09999999999999831
100 0.8000000000000025
101 0.40000000000000213
102 -0.09999999999999831
103 -1.0999999999999992
104 0.30000000000000204
105 -0.2999999999999985
106 -0.09999999999999831
107 0.5000000000000022
108 -0.09999999999999831
109 -0.09999999999999831
110 -0.09999999999999831
111 -0.09999999999999831
112 -0.3999999999999986
113 -0.7999999999999989
114 -0.3999999999999986
115 -0.9999999999999991
116 -0.49999999999999867
117 -0.6999999999999988
118 0.40000000000000213
119 0.20000000000000195
120 -0.09999999999999831
